POPULATION start 31560 new / 58790 total
/home/researcher/.local/lib/python3.11/site-packages/torch/cuda/__init__.py:881: UserWarning: Can't initialize NVML
  warnings.warn("Can't initialize NVML")
/home/researcher/.local/lib/python3.11/site-packages/torch/cuda/__init__.py:881: UserWarning: Can't initialize NVML
  warnings.warn("Can't initialize NVML")
POPULATION worker device 1 NVIDIA GeForce RTX 3090
POPULATION worker device 0 NVIDIA GeForce RTX 3090
POPULATION 200 / 31560 seconds 5.4 ETA min 14.2
POPULATION 400 / 31560 seconds 9.8 ETA min 12.7
POPULATION 600 / 31560 seconds 14.2 ETA min 12.2
POPULATION 800 / 31560 seconds 18.6 ETA min 11.9
POPULATION 1000 / 31560 seconds 22.9 ETA min 11.7
POPULATION 1200 / 31560 seconds 27.3 ETA min 11.5
POPULATION 1400 / 31560 seconds 31.7 ETA min 11.4
POPULATION 1600 / 31560 seconds 36.0 ETA min 11.2
POPULATION 1800 / 31560 seconds 40.4 ETA min 11.1
POPULATION 2000 / 31560 seconds 44.8 ETA min 11.0
POPULATION 2200 / 31560 seconds 49.1 ETA min 10.9
POPULATION 2400 / 31560 seconds 53.4 ETA min 10.8
POPULATION 2600 / 31560 seconds 57.8 ETA min 10.7
POPULATION 2800 / 31560 seconds 62.0 ETA min 10.6
POPULATION 3000 / 31560 seconds 66.2 ETA min 10.5
POPULATION 3200 / 31560 seconds 70.5 ETA min 10.4
POPULATION 3400 / 31560 seconds 74.8 ETA min 10.3
POPULATION 3600 / 31560 seconds 79.0 ETA min 10.2
POPULATION 3800 / 31560 seconds 83.3 ETA min 10.1
POPULATION 4000 / 31560 seconds 87.5 ETA min 10.0
POPULATION 4200 / 31560 seconds 91.8 ETA min 10.0
POPULATION 4400 / 31560 seconds 96.0 ETA min 9.9
POPULATION 4600 / 31560 seconds 100.3 ETA min 9.8
POPULATION 4800 / 31560 seconds 104.6 ETA min 9.7
POPULATION 5000 / 31560 seconds 108.8 ETA min 9.6
POPULATION 5200 / 31560 seconds 113.1 ETA min 9.6
POPULATION 5400 / 31560 seconds 117.4 ETA min 9.5
POPULATION 5600 / 31560 seconds 121.6 ETA min 9.4
POPULATION 5800 / 31560 seconds 125.9 ETA min 9.3
POPULATION 6000 / 31560 seconds 130.1 ETA min 9.2
POPULATION 6200 / 31560 seconds 134.3 ETA min 9.2
POPULATION 6400 / 31560 seconds 138.6 ETA min 9.1
POPULATION 6600 / 31560 seconds 142.8 ETA min 9.0
POPULATION 6800 / 31560 seconds 147.0 ETA min 8.9
POPULATION 7000 / 31560 seconds 151.2 ETA min 8.8
POPULATION 7200 / 31560 seconds 155.4 ETA min 8.8
POPULATION 7400 / 31560 seconds 159.6 ETA min 8.7
POPULATION 7600 / 31560 seconds 163.9 ETA min 8.6
POPULATION 7800 / 31560 seconds 168.1 ETA min 8.5
POPULATION 8000 / 31560 seconds 172.4 ETA min 8.5
POPULATION 8200 / 31560 seconds 176.6 ETA min 8.4
POPULATION 8400 / 31560 seconds 180.8 ETA min 8.3
POPULATION 8600 / 31560 seconds 185.0 ETA min 8.2
POPULATION 8800 / 31560 seconds 189.3 ETA min 8.2
POPULATION 9000 / 31560 seconds 193.5 ETA min 8.1
POPULATION 9200 / 31560 seconds 197.7 ETA min 8.0
POPULATION 9400 / 31560 seconds 202.0 ETA min 7.9
POPULATION 9600 / 31560 seconds 206.2 ETA min 7.9
POPULATION 9800 / 31560 seconds 210.4 ETA min 7.8
POPULATION 10000 / 31560 seconds 214.6 ETA min 7.7
POPULATION 10200 / 31560 seconds 218.7 ETA min 7.6
POPULATION 10400 / 31560 seconds 222.9 ETA min 7.6
POPULATION 10600 / 31560 seconds 227.1 ETA min 7.5
POPULATION 10800 / 31560 seconds 231.3 ETA min 7.4
POPULATION 11000 / 31560 seconds 235.5 ETA min 7.3
POPULATION 11200 / 31560 seconds 239.7 ETA min 7.3
POPULATION 11400 / 31560 seconds 243.9 ETA min 7.2
POPULATION 11600 / 31560 seconds 248.1 ETA min 7.1
POPULATION 11800 / 31560 seconds 252.3 ETA min 7.0
POPULATION 12000 / 31560 seconds 256.5 ETA min 7.0
POPULATION 12200 / 31560 seconds 260.6 ETA min 6.9
POPULATION 12400 / 31560 seconds 264.8 ETA min 6.8
POPULATION 12600 / 31560 seconds 269.0 ETA min 6.7
POPULATION 12800 / 31560 seconds 273.1 ETA min 6.7
POPULATION 13000 / 31560 seconds 277.3 ETA min 6.6
POPULATION 13200 / 31560 seconds 281.5 ETA min 6.5
POPULATION 13400 / 31560 seconds 285.7 ETA min 6.5
POPULATION 13600 / 31560 seconds 289.9 ETA min 6.4
POPULATION 13800 / 31560 seconds 294.0 ETA min 6.3
POPULATION 14000 / 31560 seconds 298.2 ETA min 6.2
POPULATION 14200 / 31560 seconds 302.4 ETA min 6.2
POPULATION 14400 / 31560 seconds 306.5 ETA min 6.1
POPULATION 14600 / 31560 seconds 310.7 ETA min 6.0
POPULATION 14800 / 31560 seconds 314.8 ETA min 5.9
POPULATION 15000 / 31560 seconds 318.9 ETA min 5.9
POPULATION 15200 / 31560 seconds 323.0 ETA min 5.8
POPULATION 15400 / 31560 seconds 327.1 ETA min 5.7
POPULATION 15600 / 31560 seconds 331.3 ETA min 5.6
POPULATION 15800 / 31560 seconds 335.4 ETA min 5.6
POPULATION 16000 / 31560 seconds 339.5 ETA min 5.5
POPULATION 16200 / 31560 seconds 343.6 ETA min 5.4
POPULATION 16400 / 31560 seconds 347.7 ETA min 5.4
POPULATION 16600 / 31560 seconds 351.8 ETA min 5.3
POPULATION 16800 / 31560 seconds 355.9 ETA min 5.2
POPULATION 17000 / 31560 seconds 360.0 ETA min 5.1
POPULATION 17200 / 31560 seconds 364.2 ETA min 5.1
POPULATION 17400 / 31560 seconds 368.3 ETA min 5.0
POPULATION 17600 / 31560 seconds 372.4 ETA min 4.9
POPULATION 17800 / 31560 seconds 376.6 ETA min 4.9
POPULATION 18000 / 31560 seconds 380.8 ETA min 4.8
POPULATION 18200 / 31560 seconds 384.9 ETA min 4.7
POPULATION 18400 / 31560 seconds 389.1 ETA min 4.6
POPULATION 18600 / 31560 seconds 393.2 ETA min 4.6
POPULATION 18800 / 31560 seconds 397.4 ETA min 4.5
POPULATION 19000 / 31560 seconds 401.5 ETA min 4.4
POPULATION 19200 / 31560 seconds 405.7 ETA min 4.4
POPULATION 19400 / 31560 seconds 409.8 ETA min 4.3
POPULATION 19600 / 31560 seconds 414.0 ETA min 4.2
POPULATION 19800 / 31560 seconds 418.1 ETA min 4.1
POPULATION 20000 / 31560 seconds 422.3 ETA min 4.1
POPULATION 20200 / 31560 seconds 426.4 ETA min 4.0
POPULATION 20400 / 31560 seconds 430.6 ETA min 3.9
POPULATION 20600 / 31560 seconds 434.8 ETA min 3.9
POPULATION 20800 / 31560 seconds 438.9 ETA min 3.8
POPULATION 21000 / 31560 seconds 443.1 ETA min 3.7
POPULATION 21200 / 31560 seconds 447.3 ETA min 3.6
POPULATION 21400 / 31560 seconds 451.4 ETA min 3.6
POPULATION 21600 / 31560 seconds 455.6 ETA min 3.5
POPULATION 21800 / 31560 seconds 459.7 ETA min 3.4
POPULATION 22000 / 31560 seconds 463.9 ETA min 3.4
POPULATION 22200 / 31560 seconds 468.1 ETA min 3.3
POPULATION 22400 / 31560 seconds 472.2 ETA min 3.2
POPULATION 22600 / 31560 seconds 476.4 ETA min 3.1
POPULATION 22800 / 31560 seconds 480.6 ETA min 3.1
POPULATION 23000 / 31560 seconds 484.7 ETA min 3.0
POPULATION 23200 / 31560 seconds 488.9 ETA min 2.9
POPULATION 23400 / 31560 seconds 493.0 ETA min 2.9
POPULATION 23600 / 31560 seconds 497.2 ETA min 2.8
POPULATION 23800 / 31560 seconds 501.3 ETA min 2.7
POPULATION 24000 / 31560 seconds 505.5 ETA min 2.7
POPULATION 24200 / 31560 seconds 509.7 ETA min 2.6
POPULATION 24400 / 31560 seconds 513.8 ETA min 2.5
POPULATION 24600 / 31560 seconds 518.0 ETA min 2.4
POPULATION 24800 / 31560 seconds 522.1 ETA min 2.4
POPULATION 25000 / 31560 seconds 526.3 ETA min 2.3
POPULATION 25200 / 31560 seconds 530.4 ETA min 2.2
POPULATION 25400 / 31560 seconds 534.6 ETA min 2.2
POPULATION 25600 / 31560 seconds 538.8 ETA min 2.1
POPULATION 25800 / 31560 seconds 542.9 ETA min 2.0
POPULATION 26000 / 31560 seconds 547.1 ETA min 1.9
POPULATION 26200 / 31560 seconds 551.3 ETA min 1.9
POPULATION 26400 / 31560 seconds 555.5 ETA min 1.8
POPULATION 26600 / 31560 seconds 559.6 ETA min 1.7
POPULATION 26800 / 31560 seconds 563.8 ETA min 1.7
POPULATION 27000 / 31560 seconds 568.0 ETA min 1.6
POPULATION 27200 / 31560 seconds 572.2 ETA min 1.5
POPULATION 27400 / 31560 seconds 576.4 ETA min 1.5
POPULATION 27600 / 31560 seconds 580.6 ETA min 1.4
POPULATION 27800 / 31560 seconds 584.8 ETA min 1.3
POPULATION 28000 / 31560 seconds 589.0 ETA min 1.2
POPULATION 28200 / 31560 seconds 593.2 ETA min 1.2
POPULATION 28400 / 31560 seconds 597.4 ETA min 1.1
POPULATION 28600 / 31560 seconds 601.6 ETA min 1.0
POPULATION 28800 / 31560 seconds 605.8 ETA min 1.0
POPULATION 29000 / 31560 seconds 610.1 ETA min 0.9
POPULATION 29200 / 31560 seconds 614.3 ETA min 0.8
POPULATION 29400 / 31560 seconds 618.5 ETA min 0.8
POPULATION 29600 / 31560 seconds 622.7 ETA min 0.7
POPULATION 29800 / 31560 seconds 626.9 ETA min 0.6
POPULATION 30000 / 31560 seconds 631.2 ETA min 0.5
POPULATION 30200 / 31560 seconds 635.4 ETA min 0.5
POPULATION 30400 / 31560 seconds 639.6 ETA min 0.4
POPULATION 30600 / 31560 seconds 643.8 ETA min 0.3
POPULATION 30800 / 31560 seconds 648.0 ETA min 0.3
POPULATION 31000 / 31560 seconds 652.3 ETA min 0.2
POPULATION 31200 / 31560 seconds 656.5 ETA min 0.1
POPULATION 31400 / 31560 seconds 660.7 ETA min 0.1
POPULATION 31560 / 31560 seconds 664.1 ETA min 0.0
{
  "status": "complete",
  "products": 58790,
  "device": "cuda",
  "paths_per_seed": 40000,
  "replicates": 1,
  "arms": [
    "hv_ns",
    "iv_ns",
    "iv_boot"
  ],
  "seconds": 674.0037879943848
}
