SYNTHETIC new jobs 3348
/home/researcher/.local/lib/python3.11/site-packages/torch/cuda/__init__.py:881: UserWarning: Can't initialize NVML
  warnings.warn("Can't initialize NVML")
SYNTHETIC 24 / 3348 seconds 3.6 ETA min 8.2
SYNTHETIC 48 / 3348 seconds 6.6 ETA min 7.5
SYNTHETIC 72 / 3348 seconds 9.6 ETA min 7.2
SYNTHETIC 96 / 3348 seconds 12.5 ETA min 7.1
SYNTHETIC 120 / 3348 seconds 15.5 ETA min 7.0
SYNTHETIC 144 / 3348 seconds 18.5 ETA min 6.9
SYNTHETIC 168 / 3348 seconds 21.5 ETA min 6.8
SYNTHETIC 192 / 3348 seconds 24.5 ETA min 6.7
SYNTHETIC 216 / 3348 seconds 27.5 ETA min 6.6
SYNTHETIC 240 / 3348 seconds 30.5 ETA min 6.6
SYNTHETIC 264 / 3348 seconds 33.5 ETA min 6.5
SYNTHETIC 288 / 3348 seconds 36.5 ETA min 6.5
SYNTHETIC 312 / 3348 seconds 39.5 ETA min 6.4
SYNTHETIC 336 / 3348 seconds 42.5 ETA min 6.3
SYNTHETIC 360 / 3348 seconds 45.5 ETA min 6.3
SYNTHETIC 384 / 3348 seconds 48.5 ETA min 6.2
SYNTHETIC 408 / 3348 seconds 51.5 ETA min 6.2
SYNTHETIC 432 / 3348 seconds 54.6 ETA min 6.1
SYNTHETIC 456 / 3348 seconds 57.6 ETA min 6.1
SYNTHETIC 480 / 3348 seconds 60.6 ETA min 6.0
SYNTHETIC 504 / 3348 seconds 63.5 ETA min 6.0
SYNTHETIC 528 / 3348 seconds 66.5 ETA min 5.9
SYNTHETIC 552 / 3348 seconds 69.5 ETA min 5.9
SYNTHETIC 576 / 3348 seconds 72.6 ETA min 5.8
SYNTHETIC 600 / 3348 seconds 75.6 ETA min 5.8
SYNTHETIC 624 / 3348 seconds 78.6 ETA min 5.7
SYNTHETIC 648 / 3348 seconds 81.6 ETA min 5.7
SYNTHETIC 672 / 3348 seconds 84.6 ETA min 5.6
SYNTHETIC 696 / 3348 seconds 87.6 ETA min 5.6
SYNTHETIC 720 / 3348 seconds 90.7 ETA min 5.5
SYNTHETIC 744 / 3348 seconds 93.7 ETA min 5.5
SYNTHETIC 768 / 3348 seconds 96.7 ETA min 5.4
SYNTHETIC 792 / 3348 seconds 99.8 ETA min 5.4
SYNTHETIC 816 / 3348 seconds 102.8 ETA min 5.3
SYNTHETIC 840 / 3348 seconds 105.8 ETA min 5.3
SYNTHETIC 864 / 3348 seconds 108.9 ETA min 5.2
SYNTHETIC 888 / 3348 seconds 111.9 ETA min 5.2
SYNTHETIC 912 / 3348 seconds 115.0 ETA min 5.1
SYNTHETIC 936 / 3348 seconds 118.0 ETA min 5.1
SYNTHETIC 960 / 3348 seconds 121.0 ETA min 5.0
SYNTHETIC 984 / 3348 seconds 124.0 ETA min 5.0
SYNTHETIC 1008 / 3348 seconds 127.0 ETA min 4.9
SYNTHETIC 1032 / 3348 seconds 130.1 ETA min 4.9
SYNTHETIC 1056 / 3348 seconds 133.1 ETA min 4.8
SYNTHETIC 1080 / 3348 seconds 136.1 ETA min 4.8
SYNTHETIC 1104 / 3348 seconds 139.1 ETA min 4.7
SYNTHETIC 1128 / 3348 seconds 142.1 ETA min 4.7
SYNTHETIC 1152 / 3348 seconds 145.2 ETA min 4.6
SYNTHETIC 1176 / 3348 seconds 148.2 ETA min 4.6
SYNTHETIC 1200 / 3348 seconds 151.2 ETA min 4.5
SYNTHETIC 1224 / 3348 seconds 154.2 ETA min 4.5
SYNTHETIC 1248 / 3348 seconds 157.3 ETA min 4.4
SYNTHETIC 1272 / 3348 seconds 160.3 ETA min 4.4
SYNTHETIC 1296 / 3348 seconds 163.3 ETA min 4.3
SYNTHETIC 1320 / 3348 seconds 166.3 ETA min 4.3
SYNTHETIC 1344 / 3348 seconds 169.3 ETA min 4.2
SYNTHETIC 1368 / 3348 seconds 172.3 ETA min 4.2
SYNTHETIC 1392 / 3348 seconds 175.4 ETA min 4.1
SYNTHETIC 1416 / 3348 seconds 178.4 ETA min 4.1
SYNTHETIC 1440 / 3348 seconds 181.4 ETA min 4.0
SYNTHETIC 1464 / 3348 seconds 184.4 ETA min 4.0
SYNTHETIC 1488 / 3348 seconds 187.4 ETA min 3.9
SYNTHETIC 1512 / 3348 seconds 190.5 ETA min 3.9
SYNTHETIC 1536 / 3348 seconds 193.5 ETA min 3.8
SYNTHETIC 1560 / 3348 seconds 196.5 ETA min 3.8
SYNTHETIC 1584 / 3348 seconds 199.5 ETA min 3.7
SYNTHETIC 1608 / 3348 seconds 202.5 ETA min 3.7
SYNTHETIC 1632 / 3348 seconds 205.5 ETA min 3.6
SYNTHETIC 1656 / 3348 seconds 208.6 ETA min 3.6
SYNTHETIC 1680 / 3348 seconds 211.6 ETA min 3.5
SYNTHETIC 1704 / 3348 seconds 214.6 ETA min 3.5
SYNTHETIC 1728 / 3348 seconds 217.6 ETA min 3.4
SYNTHETIC 1752 / 3348 seconds 220.6 ETA min 3.3
SYNTHETIC 1776 / 3348 seconds 223.7 ETA min 3.3
SYNTHETIC 1800 / 3348 seconds 226.7 ETA min 3.3
SYNTHETIC 1824 / 3348 seconds 229.8 ETA min 3.2
SYNTHETIC 1848 / 3348 seconds 232.8 ETA min 3.1
SYNTHETIC 1872 / 3348 seconds 235.8 ETA min 3.1
SYNTHETIC 1896 / 3348 seconds 238.9 ETA min 3.0
SYNTHETIC 1920 / 3348 seconds 241.9 ETA min 3.0
SYNTHETIC 1944 / 3348 seconds 244.9 ETA min 2.9
SYNTHETIC 1968 / 3348 seconds 248.0 ETA min 2.9
SYNTHETIC 1992 / 3348 seconds 251.0 ETA min 2.8
SYNTHETIC 2016 / 3348 seconds 254.0 ETA min 2.8
SYNTHETIC 2040 / 3348 seconds 257.0 ETA min 2.7
SYNTHETIC 2064 / 3348 seconds 260.1 ETA min 2.7
SYNTHETIC 2088 / 3348 seconds 263.1 ETA min 2.6
SYNTHETIC 2112 / 3348 seconds 266.1 ETA min 2.6
SYNTHETIC 2136 / 3348 seconds 269.2 ETA min 2.5
SYNTHETIC 2160 / 3348 seconds 272.2 ETA min 2.5
SYNTHETIC 2184 / 3348 seconds 275.2 ETA min 2.4
SYNTHETIC 2208 / 3348 seconds 278.2 ETA min 2.4
SYNTHETIC 2232 / 3348 seconds 281.2 ETA min 2.3
SYNTHETIC 2256 / 3348 seconds 284.3 ETA min 2.3
SYNTHETIC 2280 / 3348 seconds 287.3 ETA min 2.2
SYNTHETIC 2304 / 3348 seconds 290.3 ETA min 2.2
SYNTHETIC 2328 / 3348 seconds 294.3 ETA min 2.1
SYNTHETIC 2352 / 3348 seconds 298.3 ETA min 2.1
SYNTHETIC 2376 / 3348 seconds 302.3 ETA min 2.1
SYNTHETIC 2400 / 3348 seconds 306.2 ETA min 2.0
SYNTHETIC 2424 / 3348 seconds 310.3 ETA min 2.0
SYNTHETIC 2448 / 3348 seconds 314.3 ETA min 1.9
SYNTHETIC 2472 / 3348 seconds 318.3 ETA min 1.9
SYNTHETIC 2496 / 3348 seconds 322.4 ETA min 1.8
SYNTHETIC 2520 / 3348 seconds 326.4 ETA min 1.8
SYNTHETIC 2544 / 3348 seconds 330.4 ETA min 1.7
SYNTHETIC 2568 / 3348 seconds 334.4 ETA min 1.7
SYNTHETIC 2592 / 3348 seconds 338.4 ETA min 1.6
SYNTHETIC 2616 / 3348 seconds 342.3 ETA min 1.6
SYNTHETIC 2640 / 3348 seconds 346.3 ETA min 1.5
SYNTHETIC 2664 / 3348 seconds 350.3 ETA min 1.5
SYNTHETIC 2688 / 3348 seconds 354.1 ETA min 1.4
SYNTHETIC 2712 / 3348 seconds 358.2 ETA min 1.4
SYNTHETIC 2736 / 3348 seconds 362.2 ETA min 1.4
SYNTHETIC 2760 / 3348 seconds 366.2 ETA min 1.3
SYNTHETIC 2784 / 3348 seconds 370.2 ETA min 1.3
SYNTHETIC 2808 / 3348 seconds 374.2 ETA min 1.2
SYNTHETIC 2832 / 3348 seconds 378.2 ETA min 1.1
SYNTHETIC 2856 / 3348 seconds 382.3 ETA min 1.1
SYNTHETIC 2880 / 3348 seconds 386.2 ETA min 1.0
SYNTHETIC 2904 / 3348 seconds 390.2 ETA min 1.0
SYNTHETIC 2928 / 3348 seconds 394.3 ETA min 0.9
SYNTHETIC 2952 / 3348 seconds 398.2 ETA min 0.9
SYNTHETIC 2976 / 3348 seconds 402.2 ETA min 0.8
SYNTHETIC 3000 / 3348 seconds 406.2 ETA min 0.8
SYNTHETIC 3024 / 3348 seconds 410.2 ETA min 0.7
SYNTHETIC 3048 / 3348 seconds 414.1 ETA min 0.7
SYNTHETIC 3072 / 3348 seconds 418.2 ETA min 0.6
SYNTHETIC 3096 / 3348 seconds 422.2 ETA min 0.6
SYNTHETIC 3120 / 3348 seconds 424.9 ETA min 0.5
SYNTHETIC 3144 / 3348 seconds 427.6 ETA min 0.5
SYNTHETIC 3168 / 3348 seconds 430.4 ETA min 0.4
SYNTHETIC 3192 / 3348 seconds 432.6 ETA min 0.4
SYNTHETIC 3216 / 3348 seconds 434.7 ETA min 0.3
SYNTHETIC 3240 / 3348 seconds 436.8 ETA min 0.2
SYNTHETIC 3264 / 3348 seconds 439.6 ETA min 0.2
SYNTHETIC 3288 / 3348 seconds 442.4 ETA min 0.1
SYNTHETIC 3312 / 3348 seconds 444.5 ETA min 0.1
SYNTHETIC 3336 / 3348 seconds 446.6 ETA min 0.0
SYNTHETIC 3348 / 3348 seconds 447.6 ETA min 0.0
{
  "status": "complete",
  "device": "cuda",
  "families": 2652,
  "scenario_rows": 264543,
  "payoff_arms": 3,
  "seconds": 792.4012217521667,
  "paths_per_seed": 40000
}
