MC 2 250 / 14701 seconds 9.4
MC 2 500 / 14701 seconds 18.8
MC 2 750 / 14701 seconds 28.7
MC 2 1000 / 14701 seconds 44.3
MC 2 1250 / 14701 seconds 59.9
MC 2 1500 / 14701 seconds 74.7
MC 2 1750 / 14701 seconds 83.8
MC 2 2000 / 14701 seconds 92.8
MC 2 2250 / 14701 seconds 102.0
MC 2 2500 / 14701 seconds 111.0
MC 2 2750 / 14701 seconds 120.1
MC 2 3000 / 14701 seconds 129.1
MC 2 3250 / 14701 seconds 138.2
MC 2 3500 / 14701 seconds 147.2
MC 2 3750 / 14701 seconds 156.3
MC 2 4000 / 14701 seconds 165.2
MC 2 4250 / 14701 seconds 174.2
MC 2 4500 / 14701 seconds 183.2
MC 2 4750 / 14701 seconds 192.3
MC 2 5000 / 14701 seconds 211.5
MC 2 5250 / 14701 seconds 231.5
MC 2 5500 / 14701 seconds 251.7
MC 2 5750 / 14701 seconds 272.0
MC 2 6000 / 14701 seconds 292.5
MC 2 6250 / 14701 seconds 312.4
MC 2 6500 / 14701 seconds 332.2
MC 2 6750 / 14701 seconds 352.1
MC 2 7000 / 14701 seconds 371.9
MC 2 7250 / 14701 seconds 391.5
MC 2 7500 / 14701 seconds 411.4
MC 2 7750 / 14701 seconds 431.2
MC 2 8000 / 14701 seconds 451.1
MC 2 8250 / 14701 seconds 471.1
MC 2 8500 / 14701 seconds 491.2
MC 2 8750 / 14701 seconds 511.2
MC 2 9000 / 14701 seconds 532.2
MC 2 9250 / 14701 seconds 554.0
MC 2 9500 / 14701 seconds 573.8
MC 2 9750 / 14701 seconds 593.7
MC 2 10000 / 14701 seconds 613.6
MC 2 10250 / 14701 seconds 633.5
MC 2 10500 / 14701 seconds 653.4
MC 2 10750 / 14701 seconds 673.2
MC 2 11000 / 14701 seconds 693.1
MC 2 11250 / 14701 seconds 713.0
MC 2 11500 / 14701 seconds 733.0
MC 2 11750 / 14701 seconds 753.5
MC 2 12000 / 14701 seconds 773.4
MC 2 12250 / 14701 seconds 793.3
MC 2 12500 / 14701 seconds 813.2
MC 2 12750 / 14701 seconds 833.1
MC 2 13000 / 14701 seconds 842.6
MC 2 13250 / 14701 seconds 851.6
MC 2 13500 / 14701 seconds 860.7
MC 2 13750 / 14701 seconds 869.7
MC 2 14000 / 14701 seconds 878.8
MC 2 14250 / 14701 seconds 887.8
MC 2 14500 / 14701 seconds 896.8
DONE 2 14701 seconds 904.0229721579963
