deeponet_A_seed0 fold 0 {'n': 5879, 'R2': 0.9739136099815369, 'MAE': np.float32(23.39272), 'RMSE': np.float32(31.485825), 'MAPE': np.float32(0.23651148)} seconds 9.1
deeponet_A_seed0 fold 1 {'n': 5879, 'R2': 0.9428054094314575, 'MAE': np.float32(52.321392), 'RMSE': np.float32(76.26536), 'MAPE': np.float32(0.54212254)} seconds 6.0
deeponet_A_seed0 fold 2 {'n': 5879, 'R2': 0.9545791745185852, 'MAE': np.float32(26.178812), 'RMSE': np.float32(36.134254), 'MAPE': np.float32(0.2628998)} seconds 6.3
deeponet_A_seed0 fold 3 {'n': 5849, 'R2': 0.9180460572242737, 'MAE': np.float32(42.741886), 'RMSE': np.float32(87.107735), 'MAPE': np.float32(0.44091246)} seconds 6.2
Traceback (most recent call last):
  File "/workspace/analysis/ppt_reproduction_20260917/train_stage1.py", line 37, in <module>
    if __name__=='__main__':main()
                            ^^^^^^
  File "/workspace/analysis/ppt_reproduction_20260917/train_stage1.py", line 35, in main
    dump(OUT/(prefix+'_execution.json'),dict(model=a.model,variant=a.variant,seed=a.seed,device=a.device,metrics=score(q),seconds=time.monotonic()-t,fold_seconds=times,train_rows=[len(f[0]) for f in folds],val_rows=[len(f[1]) for f in folds],test_rows=[len(f[2]) for f in folds],python=platform.python_version(),torch=torch.__version__,numpy=np.__version__,pandas=pd.__version__,original_anchor_unmodified=True,runner='reconstructed from notebook 18 + module.data.walk_forward',deep_time_weights='Original train_curve does not apply time weights despite config flag; unchanged.',config=cfg))
  File "/workspace/analysis/ppt_reproduction_20260917/common.py", line 34, in dump
    def dump(path,obj):path.write_text(json.dumps(obj,ensure_ascii=False,indent=2,allow_nan=False)+'\n')
                                       ^^^^^^^^^^^^^^^^^^^^^^^^^^^^^^^^^^^^^^^^^^^^^^^^^^^^^^^^^^^
  File "/usr/local/lib/python3.11/json/__init__.py", line 238, in dumps
    **kw).encode(obj)
          ^^^^^^^^^^^
  File "/usr/local/lib/python3.11/json/encoder.py", line 202, in encode
    chunks = list(chunks)
             ^^^^^^^^^^^^
  File "/usr/local/lib/python3.11/json/encoder.py", line 432, in _iterencode
    yield from _iterencode_dict(o, _current_indent_level)
  File "/usr/local/lib/python3.11/json/encoder.py", line 406, in _iterencode_dict
    yield from chunks
  File "/usr/local/lib/python3.11/json/encoder.py", line 406, in _iterencode_dict
    yield from chunks
  File "/usr/local/lib/python3.11/json/encoder.py", line 439, in _iterencode
    o = _default(o)
        ^^^^^^^^^^^
  File "/usr/local/lib/python3.11/json/encoder.py", line 180, in default
    raise TypeError(f'Object of type {o.__class__.__name__} '
TypeError: Object of type float32 is not JSON serializable
REUSE deeponet_A_seed0 {'n': 23486, 'R2': 0.9513452887181368, 'MAE': 36.15029116920717, 'RMSE': 62.614875324508645, 'MAPE': 0.3705217536078961}
