xgb_B_seed0 fold 0 {'n': 5879, 'R2': 0.9451669454574585, 'MAE': np.float32(42.04974), 'RMSE': np.float32(57.27503), 'MAPE': np.float32(0.4309293)} seconds 17.4
xgb_B_seed0 fold 1 {'n': 5879, 'R2': 0.8805912733078003, 'MAE': np.float32(92.04463), 'RMSE': np.float32(135.61903), 'MAPE': np.float32(0.9708981)} seconds 11.2
xgb_B_seed0 fold 2 {'n': 5879, 'R2': 0.849721372127533, 'MAE': np.float32(50.71464), 'RMSE': np.float32(76.44985), 'MAPE': np.float32(0.5120154)} seconds 3.1
xgb_B_seed0 fold 3 {'n': 5849, 'R2': 0.8987179398536682, 'MAE': np.float32(84.50609), 'RMSE': np.float32(126.901215), 'MAPE': np.float32(0.88292587)} seconds 3.2
Traceback (most recent call last):
  File "/workspace/analysis/ppt_reproduction_20260917/train_stage1.py", line 37, in <module>
    if __name__=='__main__':main()
                            ^^^^^^
  File "/workspace/analysis/ppt_reproduction_20260917/train_stage1.py", line 35, in main
    dump(OUT/(prefix+'_execution.json'),dict(model=a.model,variant=a.variant,seed=a.seed,device=a.device,metrics=score(q),seconds=time.monotonic()-t,fold_seconds=times,train_rows=[len(f[0]) for f in folds],val_rows=[len(f[1]) for f in folds],test_rows=[len(f[2]) for f in folds],python=platform.python_version(),torch=torch.__version__,numpy=np.__version__,pandas=pd.__version__,original_anchor_unmodified=True,runner='reconstructed from notebook 18 + module.data.walk_forward',deep_time_weights='Original train_curve does not apply time weights despite config flag; unchanged.',config=cfg))
  File "/workspace/analysis/ppt_reproduction_20260917/common.py", line 34, in dump
    def dump(path,obj):path.write_text(json.dumps(obj,ensure_ascii=False,indent=2,allow_nan=False)+'\n')
                                       ^^^^^^^^^^^^^^^^^^^^^^^^^^^^^^^^^^^^^^^^^^^^^^^^^^^^^^^^^^^
  File "/usr/local/lib/python3.11/json/__init__.py", line 238, in dumps
    **kw).encode(obj)
          ^^^^^^^^^^^
  File "/usr/local/lib/python3.11/json/encoder.py", line 202, in encode
    chunks = list(chunks)
             ^^^^^^^^^^^^
  File "/usr/local/lib/python3.11/json/encoder.py", line 432, in _iterencode
    yield from _iterencode_dict(o, _current_indent_level)
  File "/usr/local/lib/python3.11/json/encoder.py", line 406, in _iterencode_dict
    yield from chunks
  File "/usr/local/lib/python3.11/json/encoder.py", line 406, in _iterencode_dict
    yield from chunks
  File "/usr/local/lib/python3.11/json/encoder.py", line 439, in _iterencode
    o = _default(o)
        ^^^^^^^^^^^
  File "/usr/local/lib/python3.11/json/encoder.py", line 180, in default
    raise TypeError(f'Object of type {o.__class__.__name__} '
TypeError: Object of type float32 is not JSON serializable
REUSE xgb_B_seed0 {'n': 23486, 'R2': 0.9163829563435578, 'MAE': 67.30683214255302, 'RMSE': 104.39694051142298, 'MAPE': 0.6989574198155691}
